---
source: crates/rdra-core/tests/integration_test.rs
assertion_line: 247
expression: csv
---
entity_id,entity_label,column_name,column_type,is_pk,is_fk,fk_target,is_nullable,default_val
Category,カテゴリ,id,Int,true,false,,false,
Category,カテゴリ,name,String,false,false,,false,
Customer_info,顧客情報,id,Int,true,false,,false,
Customer_info,顧客情報,name,String,false,false,,false,
Customer_info,顧客情報,email,String,false,false,,true,
Order,注文,id,Int,true,false,,false,
Order,注文,total,Money,false,false,,false,
Order,注文,ordered_at,DateTime,false,false,,false,
Order,注文,customer_info_id,Int,false,true,Customer_info,false,
OrderLine,注文明細,id,Int,true,false,,false,
OrderLine,注文明細,qty,Int,false,false,,false,
OrderLine,注文明細,price,Money,false,false,,false,
OrderLine,注文明細,order_id,Int,false,true,Order,false,
OrderLine,注文明細,product_id,Int,false,true,Product,false,
Product,商品,id,Int,true,false,,false,
Product,商品,sku,String,false,false,,false,
Product,商品,name,String,false,false,,false,
Product,商品,price,Decimal,false,false,,false,
Product,商品,category_id,Int,false,true,Category,false,
