---
source: crates/rdra-emit/src/csv.rs
assertion_line: 284
expression: result
---
entity_id,entity_label,column_name,column_type,is_pk,is_fk,fk_target,is_nullable,default_val
Customer,顧客,id,Int,true,false,,false,
Customer,顧客,name,String,false,false,,false,
Customer,顧客,email,String,false,false,,true,
Order,注文,id,Int,true,false,,false,
Order,注文,total,Money,false,false,,false,
Order,注文,customer_id,Int,false,true,Customer,false,
