---
source: crates/rdra-ish-syntax/src/parser.rs
assertion_line: 1443
expression: ast
---
Ast {
    items: [
        Module(
            DottedName(
                [
                    "shared",
                    "actors",
                ],
            ),
            17..37,
        ),
        Import(
            ImportDecl {
                path: DottedName(
                    [
                        "shared",
                        "entities",
                    ],
                ),
                kind: All,
                span: 39..61,
            },
        ),
        Instance(
            InstanceDecl {
                kind: Actor,
                id: "Customer",
                label: "顧客",
                description: None,
                requirement: RequirementMetadata {
                    priority: None,
                    sources: [],
                    stakeholders: [],
                    owner: None,
                    acceptance_criteria: [],
                    status: None,
                    risk: None,
                    rationale: None,
                },
                adr: AdrMetadata {
                    status: None,
                    context: [],
                    decision: None,
                    consequences: [],
                    accepted_options: [],
                    rejected_options: [],
                    reasons: [],
                },
                api: ApiMetadata {
                    method: None,
                    path: None,
                    idempotency: None,
                    mode: None,
                    auth_scheme: None,
                },
                nfr: NfrMetadata {
                    metric: None,
                    target: None,
                    window: None,
                    slo: None,
                    availability: None,
                    resilience: None,
                    audit: None,
                    logging: None,
                    retention: None,
                    privacy: None,
                },
                field: FieldMetadata {
                    access: None,
                    required: None,
                    source: None,
                },
                usecase: UseCaseMetadata {
                    preconditions: [],
                    postconditions: [],
                    guards: [],
                    alternatives: [],
                    errors: [],
                },
                columns: [],
                span: 63..88,
            },
        ),
        Instance(
            InstanceDecl {
                kind: UseCase,
                id: "Browse",
                label: "商品を探す",
                description: None,
                requirement: RequirementMetadata {
                    priority: None,
                    sources: [],
                    stakeholders: [],
                    owner: None,
                    acceptance_criteria: [],
                    status: None,
                    risk: None,
                    rationale: None,
                },
                adr: AdrMetadata {
                    status: None,
                    context: [],
                    decision: None,
                    consequences: [],
                    accepted_options: [],
                    rejected_options: [],
                    reasons: [],
                },
                api: ApiMetadata {
                    method: None,
                    path: None,
                    idempotency: None,
                    mode: None,
                    auth_scheme: None,
                },
                nfr: NfrMetadata {
                    metric: None,
                    target: None,
                    window: None,
                    slo: None,
                    availability: None,
                    resilience: None,
                    audit: None,
                    logging: None,
                    retention: None,
                    privacy: None,
                },
                field: FieldMetadata {
                    access: None,
                    required: None,
                    source: None,
                },
                usecase: UseCaseMetadata {
                    preconditions: [],
                    postconditions: [],
                    guards: [],
                    alternatives: [],
                    errors: [],
                },
                columns: [],
                span: 89..123,
            },
        ),
        Instance(
            InstanceDecl {
                kind: Entity,
                id: "Order",
                label: "注文",
                description: None,
                requirement: RequirementMetadata {
                    priority: None,
                    sources: [],
                    stakeholders: [],
                    owner: None,
                    acceptance_criteria: [],
                    status: None,
                    risk: None,
                    rationale: None,
                },
                adr: AdrMetadata {
                    status: None,
                    context: [],
                    decision: None,
                    consequences: [],
                    accepted_options: [],
                    rejected_options: [],
                    reasons: [],
                },
                api: ApiMetadata {
                    method: None,
                    path: None,
                    idempotency: None,
                    mode: None,
                    auth_scheme: None,
                },
                nfr: NfrMetadata {
                    metric: None,
                    target: None,
                    window: None,
                    slo: None,
                    availability: None,
                    resilience: None,
                    audit: None,
                    logging: None,
                    retention: None,
                    privacy: None,
                },
                field: FieldMetadata {
                    access: None,
                    required: None,
                    source: None,
                },
                usecase: UseCaseMetadata {
                    preconditions: [],
                    postconditions: [],
                    guards: [],
                    alternatives: [],
                    errors: [],
                },
                columns: [
                    Column {
                        name: "id",
                        col_type: Int,
                        annotations: [
                            Pk,
                        ],
                        span: 152..163,
                    },
                    Column {
                        name: "total",
                        col_type: Money,
                        annotations: [],
                        span: 166..178,
                    },
                    Column {
                        name: "ordered_at",
                        col_type: DateTime,
                        annotations: [],
                        span: 181..201,
                    },
                ],
                span: 125..203,
            },
        ),
        Predicate(
            PredicateCall {
                name: "performs",
                args: [
                    Ref(
                        QRef {
                            kind_qualifier: None,
                            parts: [
                                "Customer",
                            ],
                            span: 214..222,
                        },
                    ),
                    Ref(
                        QRef {
                            kind_qualifier: None,
                            parts: [
                                "Browse",
                            ],
                            span: 224..230,
                        },
                    ),
                ],
                chain: [],
                span: 205..231,
            },
        ),
        Predicate(
            PredicateCall {
                name: "relate",
                args: [
                    Ref(
                        QRef {
                            kind_qualifier: None,
                            parts: [
                                "Order",
                            ],
                            span: 239..244,
                        },
                    ),
                    Ref(
                        QRef {
                            kind_qualifier: None,
                            parts: [
                                "Customer",
                            ],
                            span: 246..254,
                        },
                    ),
                    Card(
                        "N:1",
                    ),
                ],
                chain: [],
                span: 232..260,
            },
        ),
    ],
    source: "\n// コメント\nmodule shared.actors\n\nimport shared.entities\n\nactor   Customer \"顧客\"\nusecase Browse   \"商品を探す\"\n\nentity  Order \"注文\" {\n  id: Int @pk\n  total: Money\n  ordered_at: DateTime\n}\n\nperforms(Customer, Browse)\nrelate(Order, Customer, N:1)\n",
}
