---
source: crates/rdra-ish-syntax/src/parser.rs
assertion_line: 1391
expression: ast
---
Ast {
    items: [
        Predicate(
            PredicateCall {
                name: "relate",
                args: [
                    Ref(
                        QRef {
                            kind_qualifier: None,
                            parts: [
                                "Order",
                            ],
                            span: 7..12,
                        },
                    ),
                    Ref(
                        QRef {
                            kind_qualifier: None,
                            parts: [
                                "Customer",
                            ],
                            span: 14..22,
                        },
                    ),
                    Card(
                        "N:1",
                    ),
                ],
                chain: [
                    ChainCall {
                        name: "optional",
                        args: [],
                        span: 28..39,
                    },
                    ChainCall {
                        name: "on_delete",
                        args: [
                            Ref(
                                QRef {
                                    kind_qualifier: None,
                                    parts: [
                                        "set_null",
                                    ],
                                    span: 50..58,
                                },
                            ),
                        ],
                        span: 39..59,
                    },
                    ChainCall {
                        name: "on_update",
                        args: [
                            Ref(
                                QRef {
                                    kind_qualifier: None,
                                    parts: [
                                        "cascade",
                                    ],
                                    span: 70..77,
                                },
                            ),
                        ],
                        span: 59..78,
                    },
                ],
                span: 0..78,
            },
        ),
    ],
    source: "relate(Order, Customer, N:1).optional().on_delete(set_null).on_update(cascade)",
}
