---
source: crates/rdra-syntax/src/parser.rs
expression: ast
---
Ast {
    items: [
        Instance(
            InstanceDecl {
                kind: Actor,
                id: "Customer",
                label: "顧客",
                columns: [],
                span: 0..23,
            },
        ),
    ],
    source: "actor Customer \"顧客\"",
}
